

==================================================================================
=== CALIBRE::ERC-H SUMMARY REPORT
===
Execution Date/Time:          Tue Jan 17 01:29:56 2023
Calibre Version:              v2015.2_36.27    Wed Jul 1 10:06:07 PDT 2015
Rule File Pathname:           /home/work/Desktop/EE113P/Project/_SmicSP6.1P_cal018_log_p1mtx_sali.lvs_
Rule File Title:              
Layout System:                GDSII
Layout Path(s):               BONUS3.calibre.db
Layout Primary Cell:          BONUS3
Current Directory:            /home/work/Desktop/EE113P/Project
User Name:                    work
Maximum Results/ERC Check:    1000
Maximum ERC Result Vertices:  4096
ERC Results Database:         BONUS3.erc.results (ASCII)
ERC PATHCHK Results Database: svdb/BONUS3.pathchk.erc
ERC PATHCHK Report:           svdb/BONUS3.pathchk.rep
Layout Depth:                 ALL
Text Depth:                   PRIMARY
Summary Report File:          BONUS3.erc.summary (REPLACE)
Geometry Flagging:            ACUTE = NO  SKEW = YES  ANGLED = NO  OFFGRID = YES
                              NONSIMPLE POLYGON = NO  NONSIMPLE PATH = NO
Excluded Cells:              
CheckText Mapping:            COMMENT TEXT + RULE FILE INFORMATION
Layers:                       MEMORY-BASED
Keep Empty Checks:            YES
----------------------------------------------------------------------------------
--- RUNTIME WARNINGS
---
There is no data for layout net name ?VCC?.
There is no data for layout net name ?VSS?.
There is no data for layout net name ?VSS?.
There is no data for layout net name ?VCC?.
There is no data for layout net name ?VSS?.
There is no data for layout net name ?VCC?.
----------------------------------------------------------------------------------
--- ORIGINAL LAYER STATISTICS
---
LAYER SUBD ..... TOTAL Original Geometry Count = 0     (0)
LAYER NW ....... TOTAL Original Geometry Count = 1016  (1685)
LAYER SP ....... TOTAL Original Geometry Count = 2602  (4602)
LAYER AA ....... TOTAL Original Geometry Count = 7799  (14847)
LAYER SN ....... TOTAL Original Geometry Count = 2770  (5346)
LAYER SAB ...... TOTAL Original Geometry Count = 0     (0)
LAYER Res_AA ... TOTAL Original Geometry Count = 0     (0)
LAYER Res_P1 ... TOTAL Original Geometry Count = 0     (0)
LAYER GT ....... TOTAL Original Geometry Count = 14902 (23052)
LAYER Res_NW ... TOTAL Original Geometry Count = 0     (0)
LAYER DSTR ..... TOTAL Original Geometry Count = 0     (0)
LAYER DG ....... TOTAL Original Geometry Count = 0     (0)
LAYER BJTDM .... TOTAL Original Geometry Count = 0     (0)
LAYER CT ....... TOTAL Original Geometry Count = 6246  (12542)
LAYER M1 ....... TOTAL Original Geometry Count = 15711 (20178)
LAYER M2 ....... TOTAL Original Geometry Count = 3478  (3478)
LAYER M3 ....... TOTAL Original Geometry Count = 548   (548)
LAYER M4 ....... TOTAL Original Geometry Count = 0     (0)
LAYER M5 ....... TOTAL Original Geometry Count = 0     (0)
LAYER M6 ....... TOTAL Original Geometry Count = 0     (0)
LAYER V5 ....... TOTAL Original Geometry Count = 0     (0)
LAYER V4 ....... TOTAL Original Geometry Count = 0     (0)
LAYER V3 ....... TOTAL Original Geometry Count = 0     (0)
LAYER V2 ....... TOTAL Original Geometry Count = 162   (162)
LAYER V1 ....... TOTAL Original Geometry Count = 1477  (1477)
----------------------------------------------------------------------------------
--- RULECHECK RESULTS STATISTICS
---
RULECHECK ptd_to_power .... TOTAL Result Count = 0 (0)
RULECHECK ntd_to_ground ... TOTAL Result Count = 0 (0)
RULECHECK mntopg .......... TOTAL Result Count = 0 (0)
RULECHECK mptopg .......... TOTAL Result Count = 0 (0)
----------------------------------------------------------------------------------
--- ERC RULECHECK RESULTS STATISTICS (BY CELL)
---
----------------------------------------------------------------------------------
--- ERC PATHCHK RESULTS STATISTICS
---
  PATHCHK GROUND && ! POWER:
  PATHCHK POWER && ! GROUND:
  PATHCHK ! POWER && ! GROUND:
  PATHCHK ! LABELED:
----------------------------------------------------------------------------------
--- SUMMARY
---
TOTAL CPU Time:                              0
TOTAL REAL Time:                             0
TOTAL Original Layer Geometries:             56711 (87917)
TOTAL ERC RuleChecks Executed:               4
TOTAL ERC RuleCheck Results Generated:       0 (0)
TOTAL ERC PATHCHK Operations Executed:       4
