

==================================================================================
=== CALIBRE::DRC-H SUMMARY REPORT
===
Execution Date/Time:       Sat Jan 14 23:40:14 2023
Calibre Version:           v2015.2_36.27    Wed Jul 1 10:06:07 PDT 2015
Rule File Pathname:        /home/work/Desktop/EE113P/Project/_SmicDRL2TM5P_cal018_mixlog_p1mt4_sali.drc_
Rule File Title:           
Layout System:             GDS
Layout Path(s):            SRAM_DRV.calibre.db
Layout Primary Cell:       SRAM_DRV
Current Directory:         /home/work/Desktop/EE113P/Project
User Name:                 work
Maximum Results/RuleCheck: 1000
Maximum Result Vertices:   4096
DRC Results Database:      SRAM_DRV.drc.results (ASCII)
Layout Depth:              ALL
Text Depth:                PRIMARY
Summary Report File:       SRAM_DRV.drc.summary (REPLACE)
Geometry Flagging:         ACUTE = YES  SKEW = YES  ANGLED = NO  OFFGRID = NO
                           NONSIMPLE POLYGON = YES  NONSIMPLE PATH = NO
Excluded Cells:           
CheckText Mapping:         COMMENT TEXT + RULE FILE INFORMATION
Layers:                    MEMORY-BASED
Keep Empty Checks:         YES
----------------------------------------------------------------------------------
--- RUNTIME WARNINGS
---
There is no data for layout net name ?VCC?.
----------------------------------------------------------------------------------
--- ORIGINAL LAYER STATISTICS
---
LAYER EXCLU .... TOTAL Original Geometry Count = 0    (0)
LAYER AAi ...... TOTAL Original Geometry Count = 418  (2256)
LAYER NWi ...... TOTAL Original Geometry Count = 87   (302)
LAYER DGi ...... TOTAL Original Geometry Count = 0    (0)
LAYER GTi ...... TOTAL Original Geometry Count = 847  (3234)
LAYER NLLi ..... TOTAL Original Geometry Count = 0    (0)
LAYER NLHi ..... TOTAL Original Geometry Count = 0    (0)
LAYER PLHi ..... TOTAL Original Geometry Count = 0    (0)
LAYER PLLi ..... TOTAL Original Geometry Count = 0    (0)
LAYER SNi ...... TOTAL Original Geometry Count = 151  (790)
LAYER SPi ...... TOTAL Original Geometry Count = 150  (792)
LAYER SABi ..... TOTAL Original Geometry Count = 0    (0)
LAYER CTi ...... TOTAL Original Geometry Count = 283  (2607)
LAYER M1i ...... TOTAL Original Geometry Count = 1708 (3336)
LAYER M2i ...... TOTAL Original Geometry Count = 109  (250)
LAYER M3i ...... TOTAL Original Geometry Count = 0    (0)
LAYER M4i ...... TOTAL Original Geometry Count = 0    (0)
LAYER M5i ...... TOTAL Original Geometry Count = 0    (0)
LAYER M6i ...... TOTAL Original Geometry Count = 0    (0)
LAYER V1i ...... TOTAL Original Geometry Count = 1    (142)
LAYER V2i ...... TOTAL Original Geometry Count = 0    (0)
LAYER V3i ...... TOTAL Original Geometry Count = 0    (0)
LAYER V4i ...... TOTAL Original Geometry Count = 0    (0)
LAYER V5i ...... TOTAL Original Geometry Count = 0    (0)
LAYER DNWi ..... TOTAL Original Geometry Count = 0    (0)
LAYER HRPi ..... TOTAL Original Geometry Count = 0    (0)
LAYER NNi ...... TOTAL Original Geometry Count = 0    (0)
LAYER OPCBA .... TOTAL Original Geometry Count = 0    (0)
LAYER OPCBP .... TOTAL Original Geometry Count = 0    (0)
LAYER OPCBM .... TOTAL Original Geometry Count = 0    (0)
LAYER Res_NW ... TOTAL Original Geometry Count = 0    (0)
LAYER Res_P1 ... TOTAL Original Geometry Count = 0    (0)
LAYER HRPDMY ... TOTAL Original Geometry Count = 0    (0)
LAYER Res_AA ... TOTAL Original Geometry Count = 0    (0)
----------------------------------------------------------------------------------
--- RULECHECK RESULTS STATISTICS
---
RULECHECK NW_1 ................. TOTAL Result Count = 0                    (0)
RULECHECK NW_2a ................ TOTAL Result Count = 0                    (0)
RULECHECK NW_2b ................ TOTAL Result Count = 0                    (0)
RULECHECK NW_3 ................. TOTAL Result Count = 0                    (0)
RULECHECK NR_1 ................. TOTAL Result Count = 0                    (0)
RULECHECK NR_2 ................. TOTAL Result Count = 0                    (0)
RULECHECK NR_3 ................. TOTAL Result Count = 0                    (0)
RULECHECK NR_4 ................. TOTAL Result Count = 0                    (0)
RULECHECK NR_5 ................. TOTAL Result Count = 0                    (0)
RULECHECK NR_6 ................. TOTAL Result Count = 0                    (0)
RULECHECK NR_7 ................. TOTAL Result Count = 0                    (0)
RULECHECK NR_8 ................. TOTAL Result Count = 0                    (0)
RULECHECK NN_1 ................. TOTAL Result Count = 0                    (0)
RULECHECK NN_2 ................. TOTAL Result Count = 0                    (0)
RULECHECK NN_3 ................. TOTAL Result Count = 0                    (0)
RULECHECK NN_4 ................. TOTAL Result Count = 0                    (0)
RULECHECK NN_5 ................. TOTAL Result Count = 0                    (0)
RULECHECK NN_5a ................ TOTAL Result Count = 0                    (0)
RULECHECK NN_6 ................. TOTAL Result Count = 0                    (0)
RULECHECK NN_7 ................. TOTAL Result Count = 0                    (0)
RULECHECK NN_8 ................. TOTAL Result Count = 0                    (0)
RULECHECK NN_9 ................. TOTAL Result Count = 0                    (0)
RULECHECK NN_10 ................ TOTAL Result Count = 0                    (0)
RULECHECK NN_11 ................ TOTAL Result Count = 0                    (0)
RULECHECK AA_1_2 ............... TOTAL Result Count = 0                    (0)
RULECHECK AA_3 ................. TOTAL Result Count = 0                    (0)
RULECHECK AA_4 ................. TOTAL Result Count = 0                    (0)
RULECHECK AA_5 ................. TOTAL Result Count = 0                    (0)
RULECHECK AA_6 ................. TOTAL Result Count = 0                    (0)
RULECHECK AA_7 ................. TOTAL Result Count = 0                    (0)
RULECHECK AA_8 ................. TOTAL Result Count = 0                    (0)
RULECHECK AA_9 ................. TOTAL Result Count = 0                    (0)
RULECHECK AA_10a ............... TOTAL Result Count = 0                    (0)
RULECHECK AA_10b ............... TOTAL Result Count = 0                    (0)
RULECHECK AA_11 ................ TOTAL Result Count = 0                    (0)
RULECHECK AA_12 ................ TOTAL Result Count = 0                    (0)
RULECHECK DG_1 ................. TOTAL Result Count = 0                    (0)
RULECHECK DG_2 ................. TOTAL Result Count = 0                    (0)
RULECHECK DG_3a ................ TOTAL Result Count = 0                    (0)
RULECHECK DG_3b ................ NOT EXECUTED
RULECHECK DG_4 ................. TOTAL Result Count = 0                    (0)
RULECHECK DG_5 ................. TOTAL Result Count = 0                    (0)
RULECHECK GT_1 ................. TOTAL Result Count = 0                    (0)
RULECHECK GT_2a&b .............. TOTAL Result Count = 0                    (0)
RULECHECK GT_3 ................. TOTAL Result Count = 0                    (0)
RULECHECK GT_4 ................. TOTAL Result Count = 0                    (0)
RULECHECK GT_5 ................. TOTAL Result Count = 0                    (0)
RULECHECK GT_6 ................. TOTAL Result Count = 0                    (0)
RULECHECK GT_7 ................. TOTAL Result Count = 0                    (0)
RULECHECK GT_8 ................. TOTAL Result Count = 0                    (0)
RULECHECK GT_9 ................. TOTAL Result Count = 0                    (0)
RULECHECK GT_10ab .............. TOTAL Result Count = 0                    (0)
RULECHECK GT_11a ............... TOTAL Result Count = 0                    (0)
RULECHECK GT_13 ................ TOTAL Result Count = 0                    (0)
RULECHECK GT_14 ................ TOTAL Result Count = 0                    (0)
RULECHECK GR_1 ................. NOT EXECUTED
RULECHECK GR_2 ................. NOT EXECUTED
RULECHECK GR_3 ................. NOT EXECUTED
RULECHECK GR_4a ................ NOT EXECUTED
RULECHECK GR_4b ................ NOT EXECUTED
RULECHECK GR_4c ................ NOT EXECUTED
RULECHECK GR_4d ................ NOT EXECUTED
RULECHECK GR_4e ................ NOT EXECUTED
RULECHECK GR_4f ................ NOT EXECUTED
RULECHECK GR_7 ................. NOT EXECUTED
RULECHECK NLL_1 ................ TOTAL Result Count = 0                    (0)
RULECHECK NLL_2 ................ TOTAL Result Count = 0                    (0)
RULECHECK NLL_3 ................ TOTAL Result Count = 0                    (0)
RULECHECK NLL_4 ................ TOTAL Result Count = 0                    (0)
RULECHECK NLL_5 ................ TOTAL Result Count = 0                    (0)
RULECHECK NLL_6 ................ TOTAL Result Count = 0                    (0)
RULECHECK NLL_7 ................ TOTAL Result Count = 0                    (0)
RULECHECK NLL_8_12 ............. TOTAL Result Count = 0                    (0)
RULECHECK NLL_9 ................ TOTAL Result Count = 0                    (0)
RULECHECK NLL_10 ............... TOTAL Result Count = 0                    (0)
RULECHECK NLL_11_NLH_11 ........ TOTAL Result Count = 0                    (0)
RULECHECK NLL_14 ............... TOTAL Result Count = 0                    (0)
RULECHECK PLL_1 ................ TOTAL Result Count = 0                    (0)
RULECHECK PLL_2 ................ TOTAL Result Count = 0                    (0)
RULECHECK PLL_3 ................ TOTAL Result Count = 0                    (0)
RULECHECK PLL_4 ................ TOTAL Result Count = 0                    (0)
RULECHECK PLL_5 ................ TOTAL Result Count = 0                    (0)
RULECHECK PLL_6 ................ TOTAL Result Count = 0                    (0)
RULECHECK PLL_7 ................ TOTAL Result Count = 0                    (0)
RULECHECK PLL_8_12 ............. TOTAL Result Count = 0                    (0)
RULECHECK PLL_9 ................ TOTAL Result Count = 0                    (0)
RULECHECK PLL_10 ............... TOTAL Result Count = 0                    (0)
RULECHECK PLL_11_PLH_11 ........ TOTAL Result Count = 0                    (0)
RULECHECK PLL_14 ............... TOTAL Result Count = 0                    (0)
RULECHECK NLH_1 ................ TOTAL Result Count = 0                    (0)
RULECHECK NLH_2 ................ TOTAL Result Count = 0                    (0)
RULECHECK NLH_3 ................ TOTAL Result Count = 0                    (0)
RULECHECK NLH_4 ................ TOTAL Result Count = 0                    (0)
RULECHECK NLH_5 ................ TOTAL Result Count = 0                    (0)
RULECHECK NLH_6 ................ TOTAL Result Count = 0                    (0)
RULECHECK NLH_7 ................ TOTAL Result Count = 0                    (0)
RULECHECK NLH_8_12 ............. TOTAL Result Count = 0                    (0)
RULECHECK NLH_9 ................ TOTAL Result Count = 0                    (0)
RULECHECK NLH_10 ............... TOTAL Result Count = 0                    (0)
RULECHECK NLH_14 ............... TOTAL Result Count = 0                    (0)
RULECHECK PLH_1 ................ TOTAL Result Count = 0                    (0)
RULECHECK PLH_2 ................ TOTAL Result Count = 0                    (0)
RULECHECK PLH_3 ................ TOTAL Result Count = 0                    (0)
RULECHECK PLH_4 ................ TOTAL Result Count = 0                    (0)
RULECHECK PLH_5 ................ TOTAL Result Count = 0                    (0)
RULECHECK PLH_6 ................ TOTAL Result Count = 0                    (0)
RULECHECK PLH_7 ................ TOTAL Result Count = 0                    (0)
RULECHECK PLH_8_12 ............. TOTAL Result Count = 0                    (0)
RULECHECK PLH_9 ................ TOTAL Result Count = 0                    (0)
RULECHECK PLH_10 ............... TOTAL Result Count = 0                    (0)
RULECHECK PLH_14 ............... TOTAL Result Count = 0                    (0)
RULECHECK SN_1 ................. TOTAL Result Count = 0                    (0)
RULECHECK SN_2 ................. TOTAL Result Count = 0                    (0)
RULECHECK SN_3 ................. TOTAL Result Count = 0                    (0)
RULECHECK SN_4 ................. TOTAL Result Count = 0                    (0)
RULECHECK SN_5 ................. TOTAL Result Count = 0                    (0)
RULECHECK SN_6 ................. TOTAL Result Count = 0                    (0)
RULECHECK SN_7_17 .............. TOTAL Result Count = 0                    (0)
RULECHECK SN_8 ................. TOTAL Result Count = 0                    (0)
RULECHECK SN_9 ................. TOTAL Result Count = 0                    (0)
RULECHECK SN_10&11 ............. TOTAL Result Count = 0                    (0)
RULECHECK SN_12&SP_12 .......... TOTAL Result Count = 0                    (0)
RULECHECK SN_13&SP_13 .......... TOTAL Result Count = 0                    (0)
RULECHECK SN_14 ................ TOTAL Result Count = 0                    (0)
RULECHECK SN_15 ................ TOTAL Result Count = 0                    (0)
RULECHECK SN_16 ................ TOTAL Result Count = 0                    (0)
RULECHECK SN_18&SP_18 .......... TOTAL Result Count = 0                    (0)
RULECHECK SP_1 ................. TOTAL Result Count = 0                    (0)
RULECHECK SP_2 ................. TOTAL Result Count = 0                    (0)
RULECHECK SP_3 ................. TOTAL Result Count = 0                    (0)
RULECHECK SP_4 ................. TOTAL Result Count = 0                    (0)
RULECHECK SP_5 ................. TOTAL Result Count = 0                    (0)
RULECHECK SP_6 ................. TOTAL Result Count = 0                    (0)
RULECHECK SP_7_17 .............. TOTAL Result Count = 0                    (0)
RULECHECK SP_8 ................. TOTAL Result Count = 0                    (0)
RULECHECK SP_9 ................. TOTAL Result Count = 0                    (0)
RULECHECK SP_10&11 ............. TOTAL Result Count = 0                    (0)
RULECHECK SP_14 ................ TOTAL Result Count = 0                    (0)
RULECHECK SP_15 ................ TOTAL Result Count = 0                    (0)
RULECHECK SP_16 ................ TOTAL Result Count = 0                    (0)
RULECHECK SAB_1 ................ TOTAL Result Count = 0                    (0)
RULECHECK SAB_2 ................ TOTAL Result Count = 0                    (0)
RULECHECK SAB_3 ................ TOTAL Result Count = 0                    (0)
RULECHECK SAB_4 ................ TOTAL Result Count = 0                    (0)
RULECHECK SAB_5 ................ TOTAL Result Count = 0                    (0)
RULECHECK SAB_6 ................ TOTAL Result Count = 0                    (0)
RULECHECK SAB_7 ................ TOTAL Result Count = 0                    (0)
RULECHECK SAB_8 ................ TOTAL Result Count = 0                    (0)
RULECHECK SAB_9 ................ TOTAL Result Count = 0                    (0)
RULECHECK SAB_10 ............... TOTAL Result Count = 0                    (0)
RULECHECK CT_1 ................. TOTAL Result Count = 0                    (0)
RULECHECK CT_2 ................. TOTAL Result Count = 0                    (0)
RULECHECK CT_3 ................. TOTAL Result Count = 0                    (0)
RULECHECK CT_4 ................. TOTAL Result Count = 0                    (0)
RULECHECK CT_5 ................. TOTAL Result Count = 0                    (0)
RULECHECK CT_6_7 ............... TOTAL Result Count = 0                    (0)
RULECHECK CT_8 ................. TOTAL Result Count = 0                    (0)
RULECHECK CT_9 ................. TOTAL Result Count = 0                    (0)
RULECHECK CT_10 ................ TOTAL Result Count = 0                    (0)
RULECHECK CT_11 ................ TOTAL Result Count = 0                    (0)
RULECHECK CT_12 ................ TOTAL Result Count = 0                    (0)
RULECHECK M1_1 ................. TOTAL Result Count = 0                    (0)
RULECHECK M1_2 ................. TOTAL Result Count = 0                    (0)
RULECHECK M1_3&4 ............... TOTAL Result Count = 0                    (0)
RULECHECK M1_5 ................. TOTAL Result Count = 0                    (0)
RULECHECK M1_6 ................. TOTAL Result Count = 0                    (0)
RULECHECK M2_1 ................. TOTAL Result Count = 0                    (0)
RULECHECK M2_2 ................. TOTAL Result Count = 0                    (0)
RULECHECK M2_3_4 ............... TOTAL Result Count = 0                    (0)
RULECHECK M2_5 ................. TOTAL Result Count = 0                    (0)
RULECHECK M2_6 ................. TOTAL Result Count = 0                    (0)
RULECHECK M3_1 ................. TOTAL Result Count = 0                    (0)
RULECHECK M3_2 ................. TOTAL Result Count = 0                    (0)
RULECHECK M3_3_4 ............... TOTAL Result Count = 0                    (0)
RULECHECK M3_5 ................. TOTAL Result Count = 0                    (0)
RULECHECK M3_6 ................. TOTAL Result Count = 0                    (0)
RULECHECK MT_1 ................. TOTAL Result Count = 0                    (0)
RULECHECK MT_2 ................. TOTAL Result Count = 0                    (0)
RULECHECK MT_3 ................. TOTAL Result Count = 0                    (0)
RULECHECK MT_4 ................. TOTAL Result Count = 0                    (0)
RULECHECK MT_5 ................. TOTAL Result Count = 0                    (0)
RULECHECK V1_1 ................. TOTAL Result Count = 0                    (0)
RULECHECK V1_2 ................. TOTAL Result Count = 0                    (0)
RULECHECK V1_3_4 ............... TOTAL Result Count = 0                    (0)
RULECHECK V2_1 ................. TOTAL Result Count = 0                    (0)
RULECHECK V2_2 ................. TOTAL Result Count = 0                    (0)
RULECHECK V2_3_4 ............... TOTAL Result Count = 0                    (0)
RULECHECK VT_1 ................. TOTAL Result Count = 0                    (0)
RULECHECK VT_2 ................. TOTAL Result Count = 0                    (0)
RULECHECK VT_3_4 ............... TOTAL Result Count = 0                    (0)
RULECHECK DNW_1 ................ NOT EXECUTED
RULECHECK DNW_2 ................ NOT EXECUTED
RULECHECK DNW_3 ................ NOT EXECUTED
RULECHECK DNW_4 ................ NOT EXECUTED
RULECHECK DNW_5 ................ NOT EXECUTED
RULECHECK DNW_6 ................ NOT EXECUTED
RULECHECK DNW_7 ................ NOT EXECUTED
RULECHECK DNW_8 ................ NOT EXECUTED
RULECHECK DNW_9 ................ NOT EXECUTED
RULECHECK DNW_11 ............... NOT EXECUTED
RULECHECK MVN_1 ................ NOT EXECUTED
RULECHECK MVN_2 ................ NOT EXECUTED
RULECHECK MVN_3 ................ NOT EXECUTED
RULECHECK MVN_4 ................ NOT EXECUTED
RULECHECK MVN_5 ................ NOT EXECUTED
RULECHECK MVN_5a ............... NOT EXECUTED
RULECHECK MVN_6 ................ NOT EXECUTED
RULECHECK MVN_7 ................ NOT EXECUTED
RULECHECK MVN_8 ................ NOT EXECUTED
RULECHECK MVN_9 ................ NOT EXECUTED
RULECHECK MVN_10 ............... NOT EXECUTED
RULECHECK MVP_1 ................ NOT EXECUTED
RULECHECK MVP_2 ................ NOT EXECUTED
RULECHECK MVP_3 ................ NOT EXECUTED
RULECHECK MVP_4 ................ NOT EXECUTED
RULECHECK MVP_5 ................ NOT EXECUTED
RULECHECK MVP_6 ................ NOT EXECUTED
RULECHECK MVP_7 ................ NOT EXECUTED
RULECHECK MVP_8 ................ NOT EXECUTED
RULECHECK MVP_9 ................ NOT EXECUTED
RULECHECK MVP_10 ............... NOT EXECUTED
RULECHECK HRP_2 ................ NOT EXECUTED
RULECHECK HRP_3_4 .............. NOT EXECUTED
RULECHECK HRP_5 ................ NOT EXECUTED
RULECHECK HRP_6 ................ NOT EXECUTED
RULECHECK HRP_7 ................ NOT EXECUTED
RULECHECK HRP_8 ................ NOT EXECUTED
RULECHECK HRP_10 ............... NOT EXECUTED
RULECHECK MIM_1 ................ NOT EXECUTED
RULECHECK MIM_2 ................ NOT EXECUTED
RULECHECK MIM_3 ................ NOT EXECUTED
RULECHECK MIM_4 ................ NOT EXECUTED
RULECHECK MIM_5 ................ NOT EXECUTED
RULECHECK MIM_6 ................ NOT EXECUTED
RULECHECK MIM_7 ................ NOT EXECUTED
RULECHECK MIM_8 ................ NOT EXECUTED
RULECHECK MIM_9a ............... NOT EXECUTED
RULECHECK MIM_9b ............... NOT EXECUTED
RULECHECK MIM_9c ............... NOT EXECUTED
RULECHECK MIM_10 ............... NOT EXECUTED
RULECHECK MIM_11 ............... NOT EXECUTED
RULECHECK MIM_12 ............... NOT EXECUTED
RULECHECK MIM_13 ............... NOT EXECUTED
RULECHECK MIM_14 ............... NOT EXECUTED
RULECHECK MIM_15 ............... NOT EXECUTED
RULECHECK MIM_16 ............... NOT EXECUTED
RULECHECK MIM_17 ............... NOT EXECUTED
RULECHECK MIM_18 ............... NOT EXECUTED
RULECHECK PD_GT ................ TOTAL Result Count = 1                    (1)
RULECHECK PD_M1 ................ TOTAL Result Count = 1                    (1)
RULECHECK PD_M2 ................ TOTAL Result Count = 1                    (1)
RULECHECK PD_M3 ................ TOTAL Result Count = 1                    (1)
RULECHECK PD_M4 ................ TOTAL Result Count = 1                    (1)
RULECHECK Convention_FLT_NW .... TOTAL Result Count = 0                    (0)
RULECHECK Convention_BPMO ...... TOTAL Result Count = 0                    (0)
RULECHECK Convention_BAD_IMP ... TOTAL Result Count = 0                    (0)
----------------------------------------------------------------------------------
--- RULECHECK RESULTS STATISTICS (BY CELL)
---
CELL SRAM_DRV ......... TOTAL Result Count = 5 (5)
    RULECHECK PD_GT ... TOTAL Result Count = 1 (1)
    RULECHECK PD_M1 ... TOTAL Result Count = 1 (1)
    RULECHECK PD_M2 ... TOTAL Result Count = 1 (1)
    RULECHECK PD_M3 ... TOTAL Result Count = 1 (1)
    RULECHECK PD_M4 ... TOTAL Result Count = 1 (1)
----------------------------------------------------------------------------------
--- SUMMARY
---
TOTAL CPU Time:                  0
TOTAL REAL Time:                 0
TOTAL Original Layer Geometries: 3754 (13709)
TOTAL DRC RuleChecks Executed:   187
TOTAL DRC Results Generated:     5 (5)
